#
# There is insufficient memory for the Java Runtime Environment to continue.
# Native memory allocation (malloc) failed to allocate 764384 bytes. Error detail: Chunk::new
# Possible reasons:
#   The system is out of physical RAM or swap space
#   This process is running with CompressedOops enabled, and the Java Heap may be blocking the growth of the native heap
# Possible solutions:
#   Reduce memory load on the system
#   Increase physical memory or swap space
#   Check if swap backing store is full
#   Decrease Java heap size (-Xmx/-Xms)
#   Decrease number of Java threads
#   Decrease Java thread stack sizes (-Xss)
#   Set larger code cache with -XX:ReservedCodeCacheSize=
#   JVM is running with Unscaled Compressed Oops mode in which the Java heap is
#     placed in the first 4GB address space. The Java Heap base address is the
#     maximum limit for the native heap growth. Please use -XX:HeapBaseMinAddress
#     to set the Java Heap base and to place the Java Heap above 4GB virtual address.
# This output file may be truncated or incomplete.
#
#  Out of Memory Error (arena.cpp:168), pid=14220, tid=17124
#
# JRE version: OpenJDK Runtime Environment Temurin-21.0.6+7 (21.0.6+7) (build 21.0.6+7-LTS)
# Java VM: OpenJDK 64-Bit Server VM Temurin-21.0.6+7 (21.0.6+7-LTS, mixed mode, sharing, tiered, compressed oops, compressed class ptrs, parallel gc, windows-amd64)
# No core dump will be written. Minidumps are not enabled by default on client versions of Windows
#

---------------  S U M M A R Y ------------

Command Line: --add-modules=ALL-SYSTEM --add-opens=java.base/java.util=ALL-UNNAMED --add-opens=java.base/java.lang=ALL-UNNAMED --add-opens=java.base/sun.nio.fs=ALL-UNNAMED -Declipse.application=org.eclipse.jdt.ls.core.id1 -Dosgi.bundles.defaultStartLevel=4 -Declipse.product=org.eclipse.jdt.ls.core.product -Djava.import.generatesMetadataFilesAtProjectRoot=false -DDetectVMInstallationsJob.disabled=true -Dfile.encoding=utf8 -XX:+UseParallelGC -XX:GCTimeRatio=4 -XX:AdaptiveSizePolicyWeight=90 -Dsun.zip.disableMemoryMapping=true -Xmx1G -Xms100m -Xlog:disable -javaagent:c:\Users\Kostya\.cursor\extensions\redhat.java-1.41.1-win32-x64\lombok\lombok-1.18.36.jar -XX:+HeapDumpOnOutOfMemoryError -XX:HeapDumpPath=c:\Users\Kostya\AppData\Roaming\Cursor\User\workspaceStorage\43d808f04e19d269b415be9b1d14222a\redhat.java -Daether.dependencyCollector.impl=bf c:\Users\Kostya\.cursor\extensions\redhat.java-1.41.1-win32-x64\server\plugins\org.eclipse.equinox.launcher_1.7.0.v20250331-1702.jar -configuration c:\Users\Kostya\AppData\Roaming\Cursor\User\globalStorage\redhat.java\1.41.1\config_win -data c:\Users\Kostya\AppData\Roaming\Cursor\User\workspaceStorage\43d808f04e19d269b415be9b1d14222a\redhat.java\jdt_ws --pipe=\\.\pipe\lsp-180d7751777fdc227817fe34bbf27b29-sock

Host: AMD Ryzen 5 4600H with Radeon Graphics         , 12 cores, 15G,  Windows 10 , 64 bit Build 19041 (10.0.19041.2364)
Time: Thu May  1 05:29:00 2025  Windows 10 , 64 bit Build 19041 (10.0.19041.2364) elapsed time: 8.516874 seconds (0d 0h 0m 8s)

---------------  T H R E A D  ---------------

Current thread (0x00000270426292b0):  JavaThread "C2 CompilerThread1" daemon [_thread_in_native, id=17124, stack(0x000000ec95600000,0x000000ec95700000) (1024K)]


Current CompileTask:
C2:8516 7565       4       org.gradle.api.internal.classpath.DefaultModuleRegistry$DefaultModule::collectRequiredModules (99 bytes)

Stack: [0x000000ec95600000,0x000000ec95700000]
Native frames: (J=compiled Java code, j=interpreted, Vv=VM code, C=native code)
V  [jvm.dll+0x6cdee9]
V  [jvm.dll+0x8a83d1]
V  [jvm.dll+0x8aa8fe]
V  [jvm.dll+0x8aafe3]
V  [jvm.dll+0x27f706]
V  [jvm.dll+0xc500d]
V  [jvm.dll+0xc5543]
V  [jvm.dll+0x3b678c]
V  [jvm.dll+0x382935]
V  [jvm.dll+0x381d9a]
V  [jvm.dll+0x2479f0]
V  [jvm.dll+0x246fcf]
V  [jvm.dll+0x1c75ee]
V  [jvm.dll+0x25685a]
V  [jvm.dll+0x254dfa]
V  [jvm.dll+0x3f0256]
V  [jvm.dll+0x851f8b]
V  [jvm.dll+0x6cc5ed]
C  [ucrtbase.dll+0x21bb2]
C  [KERNEL32.DLL+0x17614]
C  [ntdll.dll+0x526a1]


---------------  P R O C E S S  ---------------

Threads class SMR info:
_java_thread_list=0x0000027048d3d450, length=45, elements={
0x000002706af77390, 0x000002707f36c170, 0x000002707f36ddd0, 0x000002707f371cd0,
0x000002707f374830, 0x000002707f377640, 0x000002707f37c600, 0x000002707f37ded0,
0x0000027042450080, 0x0000027042520dc0, 0x00000270426292b0, 0x000002704277b180,
0x00000270427c8b60, 0x000002704734c640, 0x00000270478e2ac0, 0x0000027047ace130,
0x00000270479cf330, 0x0000027048058160, 0x000002704803df40, 0x0000027048229830,
0x0000027048227760, 0x00000270482270d0, 0x0000027048229ec0, 0x0000027048227df0,
0x0000027048228b10, 0x000002704822a550, 0x000002704a09add0, 0x000002704a09a0b0,
0x000002704a09f600, 0x000002704a09b460, 0x000002704a09c180, 0x000002704a09ef70,
0x000002704a0a09b0, 0x000002704a09e250, 0x000002704a09baf0, 0x000002704a09dbc0,
0x000002704a09e8e0, 0x000002704a09fc90, 0x000002704a09c810, 0x000002704a09cea0,
0x000002704a0a0320, 0x000002704a0a1040, 0x000002704a09d530, 0x000002704a0a16d0,
0x000002704b1a28d0
}

Java Threads: ( => current thread )
  0x000002706af77390 JavaThread "main"                              [_thread_blocked, id=13016, stack(0x000000ec94900000,0x000000ec94a00000) (1024K)]
  0x000002707f36c170 JavaThread "Reference Handler"          daemon [_thread_blocked, id=14100, stack(0x000000ec94d00000,0x000000ec94e00000) (1024K)]
  0x000002707f36ddd0 JavaThread "Finalizer"                  daemon [_thread_blocked, id=620, stack(0x000000ec94e00000,0x000000ec94f00000) (1024K)]
  0x000002707f371cd0 JavaThread "Signal Dispatcher"          daemon [_thread_blocked, id=16080, stack(0x000000ec94f00000,0x000000ec95000000) (1024K)]
  0x000002707f374830 JavaThread "Attach Listener"            daemon [_thread_blocked, id=15808, stack(0x000000ec95000000,0x000000ec95100000) (1024K)]
  0x000002707f377640 JavaThread "Service Thread"             daemon [_thread_blocked, id=11800, stack(0x000000ec95100000,0x000000ec95200000) (1024K)]
  0x000002707f37c600 JavaThread "Monitor Deflation Thread"   daemon [_thread_blocked, id=11452, stack(0x000000ec95200000,0x000000ec95300000) (1024K)]
  0x000002707f37ded0 JavaThread "C2 CompilerThread0"         daemon [_thread_in_native, id=15072, stack(0x000000ec95300000,0x000000ec95400000) (1024K)]
  0x0000027042450080 JavaThread "C1 CompilerThread0"         daemon [_thread_blocked, id=10896, stack(0x000000ec95400000,0x000000ec95500000) (1024K)]
  0x0000027042520dc0 JavaThread "Common-Cleaner"             daemon [_thread_blocked, id=16116, stack(0x000000ec95500000,0x000000ec95600000) (1024K)]
=>0x00000270426292b0 JavaThread "C2 CompilerThread1"         daemon [_thread_in_native, id=17124, stack(0x000000ec95600000,0x000000ec95700000) (1024K)]
  0x000002704277b180 JavaThread "Notification Thread"        daemon [_thread_blocked, id=10344, stack(0x000000ec95700000,0x000000ec95800000) (1024K)]
  0x00000270427c8b60 JavaThread "C2 CompilerThread2"         daemon [_thread_in_native, id=6208, stack(0x000000ec95800000,0x000000ec95900000) (1024K)]
  0x000002704734c640 JavaThread "Active Thread: Equinox Container: c66c4cc9-9df7-4393-9551-71f3d4e8552e"        [_thread_blocked, id=11732, stack(0x000000ec95f00000,0x000000ec96000000) (1024K)]
  0x00000270478e2ac0 JavaThread "Refresh Thread: Equinox Container: c66c4cc9-9df7-4393-9551-71f3d4e8552e" daemon [_thread_blocked, id=7660, stack(0x000000ec96000000,0x000000ec96100000) (1024K)]
  0x0000027047ace130 JavaThread "Framework Event Dispatcher: Equinox Container: c66c4cc9-9df7-4393-9551-71f3d4e8552e" daemon [_thread_blocked, id=6884, stack(0x000000ec96200000,0x000000ec96300000) (1024K)]
  0x00000270479cf330 JavaThread "Start Level: Equinox Container: c66c4cc9-9df7-4393-9551-71f3d4e8552e" daemon [_thread_blocked, id=16332, stack(0x000000ec96300000,0x000000ec96400000) (1024K)]
  0x0000027048058160 JavaThread "Bundle File Closer"         daemon [_thread_blocked, id=12444, stack(0x000000ec96400000,0x000000ec96500000) (1024K)]
  0x000002704803df40 JavaThread "SCR Component Actor"        daemon [_thread_blocked, id=6536, stack(0x000000ec96700000,0x000000ec96800000) (1024K)]
  0x0000027048229830 JavaThread "Worker-JM"                         [_thread_blocked, id=14928, stack(0x000000ec96900000,0x000000ec96a00000) (1024K)]
  0x0000027048227760 JavaThread "JNA Cleaner"                daemon [_thread_blocked, id=13340, stack(0x000000ec96a00000,0x000000ec96b00000) (1024K)]
  0x00000270482270d0 JavaThread "Worker-0"                          [_thread_blocked, id=5784, stack(0x000000ec96b00000,0x000000ec96c00000) (1024K)]
  0x0000027048229ec0 JavaThread "Worker-1: Initialize Workspace"        [_thread_blocked, id=15220, stack(0x000000ec96c00000,0x000000ec96d00000) (1024K)]
  0x0000027048227df0 JavaThread "Java indexing"              daemon [_thread_blocked, id=10728, stack(0x000000ec96d00000,0x000000ec96e00000) (1024K)]
  0x0000027048228b10 JavaThread "Worker-2: Java indexing... "        [_thread_blocked, id=10468, stack(0x000000ec97000000,0x000000ec97100000) (1024K)]
  0x000002704822a550 JavaThread "Worker-3"                          [_thread_blocked, id=3068, stack(0x000000ec97100000,0x000000ec97200000) (1024K)]
  0x000002704a09add0 JavaThread "Thread-2"                   daemon [_thread_in_native, id=14344, stack(0x000000ec97200000,0x000000ec97300000) (1024K)]
  0x000002704a09a0b0 JavaThread "Thread-3"                   daemon [_thread_in_native, id=11240, stack(0x000000ec97300000,0x000000ec97400000) (1024K)]
  0x000002704a09f600 JavaThread "Thread-4"                   daemon [_thread_in_native, id=3760, stack(0x000000ec97400000,0x000000ec97500000) (1024K)]
  0x000002704a09b460 JavaThread "Thread-5"                   daemon [_thread_in_native, id=16664, stack(0x000000ec97500000,0x000000ec97600000) (1024K)]
  0x000002704a09c180 JavaThread "Thread-6"                   daemon [_thread_in_native, id=15852, stack(0x000000ec97600000,0x000000ec97700000) (1024K)]
  0x000002704a09ef70 JavaThread "Thread-7"                   daemon [_thread_in_native, id=1252, stack(0x000000ec97700000,0x000000ec97800000) (1024K)]
  0x000002704a0a09b0 JavaThread "Thread-8"                   daemon [_thread_in_native, id=9012, stack(0x000000ec97800000,0x000000ec97900000) (1024K)]
  0x000002704a09e250 JavaThread "Thread-9"                   daemon [_thread_in_native, id=17084, stack(0x000000ec97900000,0x000000ec97a00000) (1024K)]
  0x000002704a09baf0 JavaThread "Thread-10"                  daemon [_thread_in_native, id=14276, stack(0x000000ec97a00000,0x000000ec97b00000) (1024K)]
  0x000002704a09dbc0 JavaThread "Thread-11"                  daemon [_thread_in_native, id=15728, stack(0x000000ec97b00000,0x000000ec97c00000) (1024K)]
  0x000002704a09e8e0 JavaThread "Thread-12"                  daemon [_thread_in_native, id=10664, stack(0x000000ec97c00000,0x000000ec97d00000) (1024K)]
  0x000002704a09fc90 JavaThread "Thread-13"                  daemon [_thread_in_native, id=9072, stack(0x000000ec97d00000,0x000000ec97e00000) (1024K)]
  0x000002704a09c810 JavaThread "Thread-14"                  daemon [_thread_in_native, id=11652, stack(0x000000ec97e00000,0x000000ec97f00000) (1024K)]
  0x000002704a09cea0 JavaThread "pool-2-thread-1"                   [_thread_blocked, id=14404, stack(0x000000ec97f00000,0x000000ec98000000) (1024K)]
  0x000002704a0a0320 JavaThread "WorkspaceEventsHandler"            [_thread_blocked, id=13804, stack(0x000000ec98000000,0x000000ec98100000) (1024K)]
  0x000002704a0a1040 JavaThread "pool-1-thread-1"                   [_thread_blocked, id=17252, stack(0x000000ec98100000,0x000000ec98200000) (1024K)]
  0x000002704a09d530 JavaThread "Worker-4"                          [_thread_blocked, id=12856, stack(0x000000ec98200000,0x000000ec98300000) (1024K)]
  0x000002704a0a16d0 JavaThread "Timer-0"                           [_thread_blocked, id=8748, stack(0x000000ec98300000,0x000000ec98400000) (1024K)]
  0x000002704b1a28d0 JavaThread "Connection worker"                 [_thread_blocked, id=8372, stack(0x000000ec98400000,0x000000ec98500000) (1024K)]
Total: 45

Other Threads:
  0x000002706b04e9a0 VMThread "VM Thread"                           [id=10592, stack(0x000000ec94c00000,0x000000ec94d00000) (1024K)]
  0x000002707f201c40 WatcherThread "VM Periodic Task Thread"        [id=3272, stack(0x000000ec94b00000,0x000000ec94c00000) (1024K)]
  0x000002706af93fd0 WorkerThread "GC Thread#0"                     [id=17172, stack(0x000000ec94a00000,0x000000ec94b00000) (1024K)]
  0x00000270474b1370 WorkerThread "GC Thread#1"                     [id=2660, stack(0x000000ec95900000,0x000000ec95a00000) (1024K)]
  0x00000270474aecc0 WorkerThread "GC Thread#2"                     [id=3404, stack(0x000000ec95a00000,0x000000ec95b00000) (1024K)]
  0x00000270474b1b20 WorkerThread "GC Thread#3"                     [id=16432, stack(0x000000ec95b00000,0x000000ec95c00000) (1024K)]
  0x00000270474b1ec0 WorkerThread "GC Thread#4"                     [id=15836, stack(0x000000ec95c00000,0x000000ec95d00000) (1024K)]
  0x00000270474b2670 WorkerThread "GC Thread#5"                     [id=5556, stack(0x000000ec95d00000,0x000000ec95e00000) (1024K)]
  0x0000027047676280 WorkerThread "GC Thread#6"                     [id=16828, stack(0x000000ec95e00000,0x000000ec95f00000) (1024K)]
  0x000002704785d440 WorkerThread "GC Thread#7"                     [id=14944, stack(0x000000ec96100000,0x000000ec96200000) (1024K)]
  0x000002704785d0a0 WorkerThread "GC Thread#8"                     [id=6380, stack(0x000000ec96500000,0x000000ec96600000) (1024K)]
  0x000002704785d7e0 WorkerThread "GC Thread#9"                     [id=13728, stack(0x000000ec96600000,0x000000ec96700000) (1024K)]
Total: 12

Threads with active compile tasks:
C2 CompilerThread0  8559 7461   !   4       org.eclipse.jdt.internal.core.search.indexing.BinaryIndexer::indexDocument (1204 bytes)
C2 CompilerThread1  8559 7565       4       org.gradle.api.internal.classpath.DefaultModuleRegistry$DefaultModule::collectRequiredModules (99 bytes)
C2 CompilerThread2  8559 7579       4       java.io.WinNTFileSystem::normalize (224 bytes)
Total: 3

VM state: at safepoint (normal execution)

VM Mutex/Monitor currently owned by a thread:  ([mutex/lock_event])
[0x00007ffcff40e380] Threads_lock - owner thread: 0x000002706b04e9a0
[0x00007ffcff40e480] Heap_lock - owner thread: 0x000002704b1a28d0

Heap address: 0x00000000c0000000, size: 1024 MB, Compressed Oops mode: 32-bit

CDS archive(s) mapped at: [0x0000027000000000-0x0000027000ba0000-0x0000027000ba0000), size 12189696, SharedBaseAddress: 0x0000027000000000, ArchiveRelocationMode: 1.
Compressed class space mapped at: 0x0000027001000000-0x0000027041000000, reserved size: 1073741824
Narrow klass base: 0x0000027000000000, Narrow klass shift: 0, Narrow klass range: 0x100000000

GC Precious Log:
 CardTable entry size: 512
 CPUs: 12 total, 12 available
 Memory: 15733M
 Large Page Support: Disabled
 NUMA Support: Disabled
 Compressed Oops: Enabled (32-bit)
 Alignments: Space 512K, Generation 512K, Heap 2M
 Heap Min Capacity: 100M
 Heap Initial Capacity: 100M
 Heap Max Capacity: 1G
 Pre-touch: Disabled
 Parallel Workers: 10

Heap:
 PSYoungGen      total 7168K, used 6902K [0x00000000eab00000, 0x00000000eb380000, 0x0000000100000000)
  eden space 5632K, 100% used [0x00000000eab00000,0x00000000eb080000,0x00000000eb080000)
  from space 1536K, 82% used [0x00000000eb200000,0x00000000eb33d870,0x00000000eb380000)
  to   space 1536K, 84% used [0x00000000eb080000,0x00000000eb1c5ef8,0x00000000eb200000)
 ParOldGen       total 150528K, used 150144K [0x00000000c0000000, 0x00000000c9300000, 0x00000000eab00000)
  object space 150528K, 99% used [0x00000000c0000000,0x00000000c92a0378,0x00000000c9300000)
 Metaspace       used 54596K, committed 55872K, reserved 1114112K
  class space    used 6029K, committed 6592K, reserved 1048576K

Card table byte_map: [0x000002706a930000,0x000002706ab40000] _byte_map_base: 0x000002706a330000

Marking Bits: (ParMarkBitMap*) 0x00007ffcff413260
 Begin Bits: [0x000002707d180000, 0x000002707e180000)
 End Bits:   [0x000002707e180000, 0x000002707f180000)

Polling page: 0x0000027068da0000

Metaspace:

Usage:
  Non-class:     47.43 MB used.
      Class:      5.89 MB used.
       Both:     53.32 MB used.

Virtual space:
  Non-class space:       64.00 MB reserved,      48.12 MB ( 75%) committed,  1 nodes.
      Class space:        1.00 GB reserved,       6.44 MB ( <1%) committed,  1 nodes.
             Both:        1.06 GB reserved,      54.56 MB (  5%) committed. 

Chunk freelists:
   Non-Class:  15.52 MB
       Class:  9.53 MB
        Both:  25.05 MB

MaxMetaspaceSize: unlimited
CompressedClassSpaceSize: 1.00 GB
Initial GC threshold: 21.00 MB
Current GC threshold: 58.38 MB
CDS: on
 - commit_granule_bytes: 65536.
 - commit_granule_words: 8192.
 - virtual_space_node_default_size: 8388608.
 - enlarge_chunks_in_place: 1.
 - use_allocation_guard: 0.


Internal statistics:

num_allocs_failed_limit: 6.
num_arena_births: 904.
num_arena_deaths: 14.
num_vsnodes_births: 2.
num_vsnodes_deaths: 0.
num_space_committed: 873.
num_space_uncommitted: 0.
num_chunks_returned_to_freelist: 20.
num_chunks_taken_from_freelist: 3246.
num_chunk_merges: 7.
num_chunk_splits: 2112.
num_chunks_enlarged: 1352.
num_inconsistent_stats: 0.

CodeHeap 'non-profiled nmethods': size=120000Kb used=4879Kb max_used=4879Kb free=115120Kb
 bounds [0x0000027075c50000, 0x0000027076120000, 0x000002707d180000]
CodeHeap 'profiled nmethods': size=120000Kb used=14272Kb max_used=14272Kb free=105727Kb
 bounds [0x000002706e180000, 0x000002706ef80000, 0x00000270756b0000]
CodeHeap 'non-nmethods': size=5760Kb used=1400Kb max_used=1519Kb free=4359Kb
 bounds [0x00000270756b0000, 0x0000027075920000, 0x0000027075c50000]
 total_blobs=7700 nmethods=6995 adapters=611
 compilation: enabled
              stopped_count=0, restarted_count=0
 full_count=0

Compilation events (20 events):
Event: 8.452 Thread 0x0000027042450080 7581       1       java.security.PermissionCollection::isReadOnly (5 bytes)
Event: 8.453 Thread 0x0000027042450080 nmethod 7581 0x0000027076112910 code [0x0000027076112aa0, 0x0000027076112b70]
Event: 8.453 Thread 0x00000270427c8b60 nmethod 7560 0x0000027076112c10 code [0x0000027076112de0, 0x0000027076113648]
Event: 8.453 Thread 0x00000270427c8b60 7579       4       java.io.WinNTFileSystem::normalize (224 bytes)
Event: 8.453 Thread 0x0000027042450080 7582       3       java.io.Reader::<init> (27 bytes)
Event: 8.454 Thread 0x0000027042450080 nmethod 7582 0x000002706ef6a410 code [0x000002706ef6a5c0, 0x000002706ef6a858]
Event: 8.462 Thread 0x0000027042450080 7583       3       jdk.internal.misc.InternalLock::newLockOr (18 bytes)
Event: 8.462 Thread 0x0000027042450080 nmethod 7583 0x000002706ef6a990 code [0x000002706ef6ab80, 0x000002706ef6b128]
Event: 8.463 Thread 0x0000027042450080 7584       3       org.eclipse.core.runtime.jobs.Job::getState (5 bytes)
Event: 8.463 Thread 0x0000027042450080 nmethod 7584 0x000002706ef6b390 code [0x000002706ef6b540, 0x000002706ef6b680]
Event: 8.468 Thread 0x0000027042450080 7585       3       sun.net.www.protocol.jar.JarFileFactory::urlFor (79 bytes)
Event: 8.471 Thread 0x0000027042450080 nmethod 7585 0x000002706ef6b710 code [0x000002706ef6b9a0, 0x000002706ef6c2a0]
Event: 8.473 Thread 0x0000027042450080 7586       3       java.nio.file.attribute.FileTime::compareTo (154 bytes)
Event: 8.474 Thread 0x0000027042450080 nmethod 7586 0x000002706ef6c690 code [0x000002706ef6c9a0, 0x000002706ef6d780]
Event: 8.476 Thread 0x0000027042450080 7587       3       java.util.concurrent.ConcurrentHashMap::<init> (9 bytes)
Event: 8.476 Thread 0x0000027042450080 nmethod 7587 0x000002706ef6dc90 code [0x000002706ef6de60, 0x000002706ef6dfa8]
Event: 8.503 Thread 0x0000027042450080 7588       3       org.eclipse.jdt.internal.compiler.classfmt.FieldInfo::decodeAnnotations (185 bytes)
Event: 8.504 Thread 0x0000027042450080 nmethod 7588 0x000002706ef6e090 code [0x000002706ef6e2a0, 0x000002706ef6ed88]
Event: 8.508 Thread 0x0000027042450080 7589       3       java.util.stream.Collectors$$Lambda/0x800000039::accept (14 bytes)
Event: 8.508 Thread 0x0000027042450080 nmethod 7589 0x000002706ef6f110 code [0x000002706ef6f2c0, 0x000002706ef6f590]

GC Heap History (20 events):
Event: 8.361 GC heap before
{Heap before GC invocations=75 (full 2):
 PSYoungGen      total 7680K, used 7291K [0x00000000eab00000, 0x00000000eb480000, 0x0000000100000000)
  eden space 5632K, 100% used [0x00000000eab00000,0x00000000eb080000,0x00000000eb080000)
  from space 2048K, 81% used [0x00000000eb280000,0x00000000eb41ef48,0x00000000eb480000)
  to   space 2048K, 0% used [0x00000000eb080000,0x00000000eb080000,0x00000000eb280000)
 ParOldGen       total 136192K, used 135999K [0x00000000c0000000, 0x00000000c8500000, 0x00000000eab00000)
  object space 136192K, 99% used [0x00000000c0000000,0x00000000c84cff68,0x00000000c8500000)
 Metaspace       used 54349K, committed 55616K, reserved 1114112K
  class space    used 5973K, committed 6528K, reserved 1048576K
}
Event: 8.363 GC heap after
{Heap after GC invocations=75 (full 2):
 PSYoungGen      total 7680K, used 2022K [0x00000000eab00000, 0x00000000eb980000, 0x0000000100000000)
  eden space 5632K, 0% used [0x00000000eab00000,0x00000000eab00000,0x00000000eb080000)
  from space 2048K, 98% used [0x00000000eb080000,0x00000000eb279a40,0x00000000eb280000)
  to   space 4608K, 0% used [0x00000000eb500000,0x00000000eb500000,0x00000000eb980000)
 ParOldGen       total 138240K, used 137740K [0x00000000c0000000, 0x00000000c8700000, 0x00000000eab00000)
  object space 138240K, 99% used [0x00000000c0000000,0x00000000c8683158,0x00000000c8700000)
 Metaspace       used 54349K, committed 55616K, reserved 1114112K
  class space    used 5973K, committed 6528K, reserved 1048576K
}
Event: 8.377 GC heap before
{Heap before GC invocations=76 (full 2):
 PSYoungGen      total 7680K, used 7643K [0x00000000eab00000, 0x00000000eb980000, 0x0000000100000000)
  eden space 5632K, 99% used [0x00000000eab00000,0x00000000eb07d490,0x00000000eb080000)
  from space 2048K, 98% used [0x00000000eb080000,0x00000000eb279a40,0x00000000eb280000)
  to   space 4608K, 0% used [0x00000000eb500000,0x00000000eb500000,0x00000000eb980000)
 ParOldGen       total 138240K, used 137740K [0x00000000c0000000, 0x00000000c8700000, 0x00000000eab00000)
  object space 138240K, 99% used [0x00000000c0000000,0x00000000c8683158,0x00000000c8700000)
 Metaspace       used 54349K, committed 55616K, reserved 1114112K
  class space    used 5973K, committed 6528K, reserved 1048576K
}
Event: 8.379 GC heap after
{Heap after GC invocations=76 (full 2):
 PSYoungGen      total 8704K, used 2610K [0x00000000eab00000, 0x00000000eb800000, 0x0000000100000000)
  eden space 5632K, 0% used [0x00000000eab00000,0x00000000eab00000,0x00000000eb080000)
  from space 3072K, 84% used [0x00000000eb500000,0x00000000eb78ca50,0x00000000eb800000)
  to   space 3072K, 0% used [0x00000000eb200000,0x00000000eb200000,0x00000000eb500000)
 ParOldGen       total 139776K, used 139732K [0x00000000c0000000, 0x00000000c8880000, 0x00000000eab00000)
  object space 139776K, 99% used [0x00000000c0000000,0x00000000c88753d0,0x00000000c8880000)
 Metaspace       used 54349K, committed 55616K, reserved 1114112K
  class space    used 5973K, committed 6528K, reserved 1048576K
}
Event: 8.392 GC heap before
{Heap before GC invocations=77 (full 2):
 PSYoungGen      total 8704K, used 8242K [0x00000000eab00000, 0x00000000eb800000, 0x0000000100000000)
  eden space 5632K, 100% used [0x00000000eab00000,0x00000000eb080000,0x00000000eb080000)
  from space 3072K, 84% used [0x00000000eb500000,0x00000000eb78ca50,0x00000000eb800000)
  to   space 3072K, 0% used [0x00000000eb200000,0x00000000eb200000,0x00000000eb500000)
 ParOldGen       total 139776K, used 139732K [0x00000000c0000000, 0x00000000c8880000, 0x00000000eab00000)
  object space 139776K, 99% used [0x00000000c0000000,0x00000000c88753d0,0x00000000c8880000)
 Metaspace       used 54352K, committed 55616K, reserved 1114112K
  class space    used 5973K, committed 6528K, reserved 1048576K
}
Event: 8.394 GC heap after
{Heap after GC invocations=77 (full 2):
 PSYoungGen      total 7168K, used 1159K [0x00000000eab00000, 0x00000000eb580000, 0x0000000100000000)
  eden space 5632K, 0% used [0x00000000eab00000,0x00000000eab00000,0x00000000eb080000)
  from space 1536K, 75% used [0x00000000eb200000,0x00000000eb321de0,0x00000000eb380000)
  to   space 2048K, 0% used [0x00000000eb380000,0x00000000eb380000,0x00000000eb580000)
 ParOldGen       total 142336K, used 142037K [0x00000000c0000000, 0x00000000c8b00000, 0x00000000eab00000)
  object space 142336K, 99% used [0x00000000c0000000,0x00000000c8ab56d0,0x00000000c8b00000)
 Metaspace       used 54352K, committed 55616K, reserved 1114112K
  class space    used 5973K, committed 6528K, reserved 1048576K
}
Event: 8.401 GC heap before
{Heap before GC invocations=78 (full 2):
 PSYoungGen      total 7168K, used 6791K [0x00000000eab00000, 0x00000000eb580000, 0x0000000100000000)
  eden space 5632K, 100% used [0x00000000eab00000,0x00000000eb080000,0x00000000eb080000)
  from space 1536K, 75% used [0x00000000eb200000,0x00000000eb321de0,0x00000000eb380000)
  to   space 2048K, 0% used [0x00000000eb380000,0x00000000eb380000,0x00000000eb580000)
 ParOldGen       total 142336K, used 142037K [0x00000000c0000000, 0x00000000c8b00000, 0x00000000eab00000)
  object space 142336K, 99% used [0x00000000c0000000,0x00000000c8ab56d0,0x00000000c8b00000)
 Metaspace       used 54353K, committed 55616K, reserved 1114112K
  class space    used 5973K, committed 6528K, reserved 1048576K
}
Event: 8.403 GC heap after
{Heap after GC invocations=78 (full 2):
 PSYoungGen      total 6656K, used 784K [0x00000000eab00000, 0x00000000eb480000, 0x0000000100000000)
  eden space 5632K, 0% used [0x00000000eab00000,0x00000000eab00000,0x00000000eb080000)
  from space 1024K, 76% used [0x00000000eb380000,0x00000000eb444178,0x00000000eb480000)
  to   space 1536K, 0% used [0x00000000eb180000,0x00000000eb180000,0x00000000eb300000)
 ParOldGen       total 143360K, used 143097K [0x00000000c0000000, 0x00000000c8c00000, 0x00000000eab00000)
  object space 143360K, 99% used [0x00000000c0000000,0x00000000c8bbe548,0x00000000c8c00000)
 Metaspace       used 54353K, committed 55616K, reserved 1114112K
  class space    used 5973K, committed 6528K, reserved 1048576K
}
Event: 8.416 GC heap before
{Heap before GC invocations=79 (full 2):
 PSYoungGen      total 6656K, used 6416K [0x00000000eab00000, 0x00000000eb480000, 0x0000000100000000)
  eden space 5632K, 100% used [0x00000000eab00000,0x00000000eb080000,0x00000000eb080000)
  from space 1024K, 76% used [0x00000000eb380000,0x00000000eb444178,0x00000000eb480000)
  to   space 1536K, 0% used [0x00000000eb180000,0x00000000eb180000,0x00000000eb300000)
 ParOldGen       total 143360K, used 143097K [0x00000000c0000000, 0x00000000c8c00000, 0x00000000eab00000)
  object space 143360K, 99% used [0x00000000c0000000,0x00000000c8bbe548,0x00000000c8c00000)
 Metaspace       used 54368K, committed 55616K, reserved 1114112K
  class space    used 5976K, committed 6528K, reserved 1048576K
}
Event: 8.418 GC heap after
{Heap after GC invocations=79 (full 2):
 PSYoungGen      total 7168K, used 1297K [0x00000000eab00000, 0x00000000eb400000, 0x0000000100000000)
  eden space 5632K, 0% used [0x00000000eab00000,0x00000000eab00000,0x00000000eb080000)
  from space 1536K, 84% used [0x00000000eb180000,0x00000000eb2c4628,0x00000000eb300000)
  to   space 1024K, 0% used [0x00000000eb300000,0x00000000eb300000,0x00000000eb400000)
 ParOldGen       total 143872K, used 143770K [0x00000000c0000000, 0x00000000c8c80000, 0x00000000eab00000)
  object space 143872K, 99% used [0x00000000c0000000,0x00000000c8c66990,0x00000000c8c80000)
 Metaspace       used 54368K, committed 55616K, reserved 1114112K
  class space    used 5976K, committed 6528K, reserved 1048576K
}
Event: 8.432 GC heap before
{Heap before GC invocations=80 (full 2):
 PSYoungGen      total 7168K, used 6929K [0x00000000eab00000, 0x00000000eb400000, 0x0000000100000000)
  eden space 5632K, 99% used [0x00000000eab00000,0x00000000eb07ffb8,0x00000000eb080000)
  from space 1536K, 84% used [0x00000000eb180000,0x00000000eb2c4628,0x00000000eb300000)
  to   space 1024K, 0% used [0x00000000eb300000,0x00000000eb300000,0x00000000eb400000)
 ParOldGen       total 143872K, used 143770K [0x00000000c0000000, 0x00000000c8c80000, 0x00000000eab00000)
  object space 143872K, 99% used [0x00000000c0000000,0x00000000c8c66990,0x00000000c8c80000)
 Metaspace       used 54443K, committed 55808K, reserved 1114112K
  class space    used 5987K, committed 6592K, reserved 1048576K
}
Event: 8.433 GC heap after
{Heap after GC invocations=80 (full 2):
 PSYoungGen      total 6656K, used 1018K [0x00000000eab00000, 0x00000000eb580000, 0x0000000100000000)
  eden space 5632K, 0% used [0x00000000eab00000,0x00000000eab00000,0x00000000eb080000)
  from space 1024K, 99% used [0x00000000eb300000,0x00000000eb3feb18,0x00000000eb400000)
  to   space 2560K, 0% used [0x00000000eb080000,0x00000000eb080000,0x00000000eb300000)
 ParOldGen       total 145408K, used 145074K [0x00000000c0000000, 0x00000000c8e00000, 0x00000000eab00000)
  object space 145408K, 99% used [0x00000000c0000000,0x00000000c8dac898,0x00000000c8e00000)
 Metaspace       used 54443K, committed 55808K, reserved 1114112K
  class space    used 5987K, committed 6592K, reserved 1048576K
}
Event: 8.449 GC heap before
{Heap before GC invocations=81 (full 2):
 PSYoungGen      total 6656K, used 6650K [0x00000000eab00000, 0x00000000eb580000, 0x0000000100000000)
  eden space 5632K, 99% used [0x00000000eab00000,0x00000000eb07ffe0,0x00000000eb080000)
  from space 1024K, 99% used [0x00000000eb300000,0x00000000eb3feb18,0x00000000eb400000)
  to   space 2560K, 0% used [0x00000000eb080000,0x00000000eb080000,0x00000000eb300000)
 ParOldGen       total 145408K, used 145074K [0x00000000c0000000, 0x00000000c8e00000, 0x00000000eab00000)
  object space 145408K, 99% used [0x00000000c0000000,0x00000000c8dac898,0x00000000c8e00000)
 Metaspace       used 54471K, committed 55808K, reserved 1114112K
  class space    used 5996K, committed 6592K, reserved 1048576K
}
Event: 8.451 GC heap after
{Heap after GC invocations=81 (full 2):
 PSYoungGen      total 7168K, used 1274K [0x00000000eab00000, 0x00000000eb480000, 0x0000000100000000)
  eden space 5632K, 0% used [0x00000000eab00000,0x00000000eab00000,0x00000000eb080000)
  from space 1536K, 82% used [0x00000000eb080000,0x00000000eb1be858,0x00000000eb200000)
  to   space 2048K, 0% used [0x00000000eb280000,0x00000000eb280000,0x00000000eb480000)
 ParOldGen       total 146432K, used 146093K [0x00000000c0000000, 0x00000000c8f00000, 0x00000000eab00000)
  object space 146432K, 99% used [0x00000000c0000000,0x00000000c8eab478,0x00000000c8f00000)
 Metaspace       used 54471K, committed 55808K, reserved 1114112K
  class space    used 5996K, committed 6592K, reserved 1048576K
}
Event: 8.468 GC heap before
{Heap before GC invocations=82 (full 2):
 PSYoungGen      total 7168K, used 6906K [0x00000000eab00000, 0x00000000eb480000, 0x0000000100000000)
  eden space 5632K, 100% used [0x00000000eab00000,0x00000000eb080000,0x00000000eb080000)
  from space 1536K, 82% used [0x00000000eb080000,0x00000000eb1be858,0x00000000eb200000)
  to   space 2048K, 0% used [0x00000000eb280000,0x00000000eb280000,0x00000000eb480000)
 ParOldGen       total 146432K, used 146093K [0x00000000c0000000, 0x00000000c8f00000, 0x00000000eab00000)
  object space 146432K, 99% used [0x00000000c0000000,0x00000000c8eab478,0x00000000c8f00000)
 Metaspace       used 54496K, committed 55808K, reserved 1114112K
  class space    used 6003K, committed 6592K, reserved 1048576K
}
Event: 8.470 GC heap after
{Heap after GC invocations=82 (full 2):
 PSYoungGen      total 7168K, used 1290K [0x00000000eab00000, 0x00000000eb400000, 0x0000000100000000)
  eden space 5632K, 0% used [0x00000000eab00000,0x00000000eab00000,0x00000000eb080000)
  from space 1536K, 84% used [0x00000000eb280000,0x00000000eb3c2b50,0x00000000eb400000)
  to   space 1536K, 0% used [0x00000000eb080000,0x00000000eb080000,0x00000000eb200000)
 ParOldGen       total 147456K, used 147199K [0x00000000c0000000, 0x00000000c9000000, 0x00000000eab00000)
  object space 147456K, 99% used [0x00000000c0000000,0x00000000c8fbfc98,0x00000000c9000000)
 Metaspace       used 54496K, committed 55808K, reserved 1114112K
  class space    used 6003K, committed 6592K, reserved 1048576K
}
Event: 8.487 GC heap before
{Heap before GC invocations=83 (full 2):
 PSYoungGen      total 7168K, used 6922K [0x00000000eab00000, 0x00000000eb400000, 0x0000000100000000)
  eden space 5632K, 100% used [0x00000000eab00000,0x00000000eb080000,0x00000000eb080000)
  from space 1536K, 84% used [0x00000000eb280000,0x00000000eb3c2b50,0x00000000eb400000)
  to   space 1536K, 0% used [0x00000000eb080000,0x00000000eb080000,0x00000000eb200000)
 ParOldGen       total 147456K, used 147199K [0x00000000c0000000, 0x00000000c9000000, 0x00000000eab00000)
  object space 147456K, 99% used [0x00000000c0000000,0x00000000c8fbfc98,0x00000000c9000000)
 Metaspace       used 54521K, committed 55808K, reserved 1114112K
  class space    used 6012K, committed 6592K, reserved 1048576K
}
Event: 8.489 GC heap after
{Heap after GC invocations=83 (full 2):
 PSYoungGen      total 7168K, used 1287K [0x00000000eab00000, 0x00000000eb380000, 0x0000000100000000)
  eden space 5632K, 0% used [0x00000000eab00000,0x00000000eab00000,0x00000000eb080000)
  from space 1536K, 83% used [0x00000000eb080000,0x00000000eb1c1eb8,0x00000000eb200000)
  to   space 1536K, 0% used [0x00000000eb200000,0x00000000eb200000,0x00000000eb380000)
 ParOldGen       total 148480K, used 148344K [0x00000000c0000000, 0x00000000c9100000, 0x00000000eab00000)
  object space 148480K, 99% used [0x00000000c0000000,0x00000000c90de088,0x00000000c9100000)
 Metaspace       used 54521K, committed 55808K, reserved 1114112K
  class space    used 6012K, committed 6592K, reserved 1048576K
}
Event: 8.505 GC heap before
{Heap before GC invocations=84 (full 2):
 PSYoungGen      total 7168K, used 6919K [0x00000000eab00000, 0x00000000eb380000, 0x0000000100000000)
  eden space 5632K, 100% used [0x00000000eab00000,0x00000000eb080000,0x00000000eb080000)
  from space 1536K, 83% used [0x00000000eb080000,0x00000000eb1c1eb8,0x00000000eb200000)
  to   space 1536K, 0% used [0x00000000eb200000,0x00000000eb200000,0x00000000eb380000)
 ParOldGen       total 148480K, used 148344K [0x00000000c0000000, 0x00000000c9100000, 0x00000000eab00000)
  object space 148480K, 99% used [0x00000000c0000000,0x00000000c90de088,0x00000000c9100000)
 Metaspace       used 54540K, committed 55872K, reserved 1114112K
  class space    used 6018K, committed 6592K, reserved 1048576K
}
Event: 8.507 GC heap after
{Heap after GC invocations=84 (full 2):
 PSYoungGen      total 7168K, used 1270K [0x00000000eab00000, 0x00000000eb380000, 0x0000000100000000)
  eden space 5632K, 0% used [0x00000000eab00000,0x00000000eab00000,0x00000000eb080000)
  from space 1536K, 82% used [0x00000000eb200000,0x00000000eb33d870,0x00000000eb380000)
  to   space 1536K, 0% used [0x00000000eb080000,0x00000000eb080000,0x00000000eb200000)
 ParOldGen       total 149504K, used 149434K [0x00000000c0000000, 0x00000000c9200000, 0x00000000eab00000)
  object space 149504K, 99% used [0x00000000c0000000,0x00000000c91ee8b0,0x00000000c9200000)
 Metaspace       used 54540K, committed 55872K, reserved 1114112K
  class space    used 6018K, committed 6592K, reserved 1048576K
}

Dll operation events (11 events):
Event: 0.005 Loaded shared library c:\Users\Kostya\.cursor\extensions\redhat.java-1.41.1-win32-x64\jre\21.0.6-win32-x86_64\bin\java.dll
Event: 0.028 Loaded shared library c:\Users\Kostya\.cursor\extensions\redhat.java-1.41.1-win32-x64\jre\21.0.6-win32-x86_64\bin\zip.dll
Event: 0.073 Loaded shared library C:\Users\Kostya\.cursor\extensions\redhat.java-1.41.1-win32-x64\jre\21.0.6-win32-x86_64\bin\instrument.dll
Event: 0.077 Loaded shared library C:\Users\Kostya\.cursor\extensions\redhat.java-1.41.1-win32-x64\jre\21.0.6-win32-x86_64\bin\net.dll
Event: 0.078 Loaded shared library C:\Users\Kostya\.cursor\extensions\redhat.java-1.41.1-win32-x64\jre\21.0.6-win32-x86_64\bin\nio.dll
Event: 0.080 Loaded shared library C:\Users\Kostya\.cursor\extensions\redhat.java-1.41.1-win32-x64\jre\21.0.6-win32-x86_64\bin\zip.dll
Event: 0.095 Loaded shared library C:\Users\Kostya\.cursor\extensions\redhat.java-1.41.1-win32-x64\jre\21.0.6-win32-x86_64\bin\jimage.dll
Event: 0.145 Loaded shared library c:\Users\Kostya\.cursor\extensions\redhat.java-1.41.1-win32-x64\jre\21.0.6-win32-x86_64\bin\verify.dll
Event: 0.926 Loaded shared library C:\Users\Kostya\AppData\Roaming\Cursor\User\globalStorage\redhat.java\1.41.1\config_win\org.eclipse.equinox.launcher\org.eclipse.equinox.launcher.win32.win32.x86_64_1.2.1300.v20250331-1702\eclipse_11911.dll
Event: 2.018 Loaded shared library C:\Users\Kostya\AppData\Local\Temp\jna--2041728851\jna3688779769793929703.dll
Event: 7.000 Loaded shared library C:\Users\Kostya\.gradle\native\c067742578af261105cb4f569cf0c3c89f3d7b1fecec35dd04571415982c5e48\windows-amd64\native-platform.dll

Deoptimization events (20 events):
Event: 8.078 Thread 0x0000027048227df0 DEOPT PACKING pc=0x000002706ed60f53 sp=0x000000ec96dfeba0
Event: 8.078 Thread 0x0000027048227df0 DEOPT UNPACKING pc=0x0000027075704242 sp=0x000000ec96dfe108 mode 0
Event: 8.087 Thread 0x0000027048227df0 DEOPT PACKING pc=0x000002706ed60f53 sp=0x000000ec96dfeba0
Event: 8.087 Thread 0x0000027048227df0 DEOPT UNPACKING pc=0x0000027075704242 sp=0x000000ec96dfe108 mode 0
Event: 8.103 Thread 0x0000027048227df0 DEOPT PACKING pc=0x000002706ed60fd3 sp=0x000000ec96dfeba0
Event: 8.103 Thread 0x0000027048227df0 DEOPT UNPACKING pc=0x0000027075704242 sp=0x000000ec96dfe108 mode 0
Event: 8.180 Thread 0x0000027048227df0 DEOPT PACKING pc=0x000002706edd4536 sp=0x000000ec96dfe920
Event: 8.180 Thread 0x0000027048227df0 DEOPT UNPACKING pc=0x0000027075704242 sp=0x000000ec96dfde28 mode 0
Event: 8.227 Thread 0x000002704b1a28d0 DEOPT PACKING pc=0x000002706ef4e595 sp=0x000000ec984fd960
Event: 8.227 Thread 0x000002704b1a28d0 DEOPT UNPACKING pc=0x0000027075704242 sp=0x000000ec984fce20 mode 0
Event: 8.238 Thread 0x000002704b1a28d0 DEOPT PACKING pc=0x000002706ebc5446 sp=0x000000ec984fd2b0
Event: 8.238 Thread 0x000002704b1a28d0 DEOPT UNPACKING pc=0x0000027075704242 sp=0x000000ec984fc830 mode 0
Event: 8.352 Thread 0x000002704b1a28d0 DEOPT PACKING pc=0x000002706e9656fb sp=0x000000ec984fd5c0
Event: 8.352 Thread 0x000002704b1a28d0 DEOPT UNPACKING pc=0x0000027075704242 sp=0x000000ec984fca30 mode 0
Event: 8.446 Thread 0x000002704b1a28d0 DEOPT PACKING pc=0x000002706e7155b9 sp=0x000000ec984fda30
Event: 8.446 Thread 0x000002704b1a28d0 DEOPT UNPACKING pc=0x0000027075704242 sp=0x000000ec984fcf30 mode 0
Event: 8.479 Thread 0x000002704b1a28d0 DEOPT PACKING pc=0x000002706e7155b9 sp=0x000000ec984fda30
Event: 8.479 Thread 0x000002704b1a28d0 DEOPT UNPACKING pc=0x0000027075704242 sp=0x000000ec984fcf30 mode 0
Event: 8.515 Thread 0x000002704b1a28d0 DEOPT PACKING pc=0x000002706e7155b9 sp=0x000000ec984fd420
Event: 8.515 Thread 0x000002704b1a28d0 DEOPT UNPACKING pc=0x0000027075704242 sp=0x000000ec984fc920 mode 0

Classes loaded (20 events):
Event: 5.752 Loading class java/nio/file/FileChannelLinesSpliterator
Event: 5.753 Loading class java/nio/file/FileChannelLinesSpliterator done
Event: 5.754 Loading class java/util/stream/Streams$1
Event: 5.754 Loading class java/util/stream/Streams$1 done
Event: 5.755 Loading class java/nio/file/FileChannelLinesSpliterator$1
Event: 5.755 Loading class java/nio/file/FileChannelLinesSpliterator$1 done
Event: 5.837 Loading class java/util/concurrent/CopyOnWriteArraySet
Event: 5.838 Loading class java/util/concurrent/CopyOnWriteArraySet done
Event: 5.895 Loading class java/util/concurrent/ArrayBlockingQueue
Event: 5.896 Loading class java/util/concurrent/ArrayBlockingQueue done
Event: 5.964 Loading class java/net/HttpURLConnection
Event: 5.964 Loading class java/net/HttpURLConnection done
Event: 5.975 Loading class java/io/FileFilter
Event: 5.975 Loading class java/io/FileFilter done
Event: 6.011 Loading class java/util/concurrent/ConcurrentHashMap$ValueSpliterator
Event: 6.011 Loading class java/util/concurrent/ConcurrentHashMap$ValueSpliterator done
Event: 6.013 Loading class jdk/internal/loader/BootLoader$PackageHelper
Event: 6.013 Loading class jdk/internal/loader/BootLoader$PackageHelper done
Event: 6.970 Loading class java/lang/Class$EnclosingMethodInfo
Event: 6.970 Loading class java/lang/Class$EnclosingMethodInfo done

Classes unloaded (7 events):
Event: 2.512 Thread 0x000002706b04e9a0 Unloading class 0x0000027001199000 'java/lang/invoke/LambdaForm$MH+0x0000027001199000'
Event: 2.512 Thread 0x000002706b04e9a0 Unloading class 0x0000027001198c00 'java/lang/invoke/LambdaForm$MH+0x0000027001198c00'
Event: 2.512 Thread 0x000002706b04e9a0 Unloading class 0x0000027001198800 'java/lang/invoke/LambdaForm$MH+0x0000027001198800'
Event: 2.512 Thread 0x000002706b04e9a0 Unloading class 0x0000027001198400 'java/lang/invoke/LambdaForm$MH+0x0000027001198400'
Event: 2.512 Thread 0x000002706b04e9a0 Unloading class 0x0000027001198000 'java/lang/invoke/LambdaForm$BMH+0x0000027001198000'
Event: 2.512 Thread 0x000002706b04e9a0 Unloading class 0x0000027001197c00 'java/lang/invoke/LambdaForm$DMH+0x0000027001197c00'
Event: 2.512 Thread 0x000002706b04e9a0 Unloading class 0x0000027001196c00 'java/lang/invoke/LambdaForm$DMH+0x0000027001196c00'

Classes redefined (0 events):
No events

Internal exceptions (20 events):
Event: 5.315 Thread 0x0000027048229ec0 Exception <a 'java/io/FileNotFoundException'{0x00000000eaff9980}> (0x00000000eaff9980) 
thrown [s\src\hotspot\share\prims\jni.cpp, line 520]
Event: 5.315 Thread 0x0000027048229ec0 Exception <a 'java/io/FileNotFoundException'{0x00000000eaffaab0}> (0x00000000eaffaab0) 
thrown [s\src\hotspot\share\prims\jni.cpp, line 520]
Event: 5.324 Thread 0x00000270482270d0 Exception <a 'sun/nio/fs/WindowsException'{0x00000000eb2d4148}> (0x00000000eb2d4148) 
thrown [s\src\hotspot\share\prims\jni.cpp, line 520]
Event: 5.324 Thread 0x00000270482270d0 Exception <a 'sun/nio/fs/WindowsException'{0x00000000eb2d4778}> (0x00000000eb2d4778) 
thrown [s\src\hotspot\share\prims\jni.cpp, line 520]
Event: 5.326 Thread 0x00000270482270d0 Exception <a 'sun/nio/fs/WindowsException'{0x00000000eb399450}> (0x00000000eb399450) 
thrown [s\src\hotspot\share\prims\jni.cpp, line 520]
Event: 5.326 Thread 0x00000270482270d0 Exception <a 'sun/nio/fs/WindowsException'{0x00000000eb399d30}> (0x00000000eb399d30) 
thrown [s\src\hotspot\share\prims\jni.cpp, line 520]
Event: 5.364 Thread 0x00000270482270d0 Exception <a 'java/io/FileNotFoundException'{0x00000000ead3d498}> (0x00000000ead3d498) 
thrown [s\src\hotspot\share\prims\jni.cpp, line 520]
Event: 5.364 Thread 0x00000270482270d0 Exception <a 'java/io/FileNotFoundException'{0x00000000ead79960}> (0x00000000ead79960) 
thrown [s\src\hotspot\share\prims\jni.cpp, line 520]
Event: 5.364 Thread 0x00000270482270d0 Exception <a 'java/io/FileNotFoundException'{0x00000000ead7b390}> (0x00000000ead7b390) 
thrown [s\src\hotspot\share\prims\jni.cpp, line 520]
Event: 5.365 Thread 0x00000270482270d0 Exception <a 'java/io/FileNotFoundException'{0x00000000eada3798}> (0x00000000eada3798) 
thrown [s\src\hotspot\share\prims\jni.cpp, line 520]
Event: 5.365 Thread 0x00000270482270d0 Exception <a 'java/io/FileNotFoundException'{0x00000000eadc0678}> (0x00000000eadc0678) 
thrown [s\src\hotspot\share\prims\jni.cpp, line 520]
Event: 5.509 Thread 0x000002704a0a1040 Exception <a 'java/lang/IncompatibleClassChangeError'{0x00000000eae9e408}: Found class java.lang.Object, but interface was expected> (0x00000000eae9e408) 
thrown [s\src\hotspot\share\interpreter\linkResolver.cpp, line 840]
Event: 5.632 Thread 0x00000270482270d0 Exception <a 'java/lang/NoSuchMethodError'{0x00000000eb0ac4a0}: 'int java.lang.invoke.DirectMethodHandle$Holder.invokeSpecialIFC(java.lang.Object, java.lang.Object, java.lang.Object, java.lang.Object)'> (0x00000000eb0ac4a0) 
thrown [s\src\hotspot\share\interpreter\linkResolver.cpp, line 773]
Event: 5.653 Thread 0x00000270482270d0 Exception <a 'sun/nio/fs/WindowsException'{0x00000000eb334c40}> (0x00000000eb334c40) 
thrown [s\src\hotspot\share\prims\jni.cpp, line 520]
Event: 5.653 Thread 0x00000270482270d0 Exception <a 'sun/nio/fs/WindowsException'{0x00000000eb335270}> (0x00000000eb335270) 
thrown [s\src\hotspot\share\prims\jni.cpp, line 520]
Event: 5.710 Thread 0x0000027048229ec0 Exception <a 'java/lang/NoSuchMethodError'{0x00000000eb2e91a0}: 'int java.lang.invoke.DirectMethodHandle$Holder.invokeInterface(java.lang.Object, java.lang.Object)'> (0x00000000eb2e91a0) 
thrown [s\src\hotspot\share\interpreter\linkResolver.cpp, line 773]
Event: 5.710 Thread 0x0000027048229ec0 Exception <a 'java/lang/IncompatibleClassChangeError'{0x00000000eb2ec1b0}: Found class java.lang.Object, but interface was expected> (0x00000000eb2ec1b0) 
thrown [s\src\hotspot\share\interpreter\linkResolver.cpp, line 840]
Event: 5.738 Thread 0x0000027048229ec0 Exception <a 'java/lang/NoSuchMethodError'{0x00000000eac4a520}: method resolution failed> (0x00000000eac4a520) 
thrown [s\src\hotspot\share\prims\methodHandles.cpp, line 1144]
Event: 5.841 Thread 0x0000027048229ec0 Exception <a 'java/lang/NoSuchMethodError'{0x00000000eb29a210}: 'java.lang.Object java.lang.invoke.DirectMethodHandle$Holder.invokeVirtual(java.lang.Object, java.lang.Object, java.lang.Object, java.lang.Object)'> (0x00000000eb29a210) 
thrown [s\src\hotspot\share\interpreter\linkResolver.cpp, line 773]
Event: 5.844 Thread 0x0000027048229ec0 Exception <a 'java/lang/NoSuchMethodError'{0x00000000eb338120}: 'java.lang.Object java.lang.invoke.DirectMethodHandle$Holder.invokeVirtual(java.lang.Object, java.lang.Object, java.lang.Object, java.lang.Object, java.lang.Object)'> (0x00000000eb338120) 
thrown [s\src\hotspot\share\interpreter\linkResolver.cpp, line 773]

ZGC Phase Switch (0 events):
No events

VM Operations (20 events):
Event: 8.361 Executing VM operation: ParallelGCFailedAllocation (Allocation Failure)
Event: 8.363 Executing VM operation: ParallelGCFailedAllocation (Allocation Failure) done
Event: 8.377 Executing VM operation: ParallelGCFailedAllocation (Allocation Failure)
Event: 8.379 Executing VM operation: ParallelGCFailedAllocation (Allocation Failure) done
Event: 8.392 Executing VM operation: ParallelGCFailedAllocation (Allocation Failure)
Event: 8.394 Executing VM operation: ParallelGCFailedAllocation (Allocation Failure) done
Event: 8.401 Executing VM operation: ParallelGCFailedAllocation (Allocation Failure)
Event: 8.403 Executing VM operation: ParallelGCFailedAllocation (Allocation Failure) done
Event: 8.416 Executing VM operation: ParallelGCFailedAllocation (Allocation Failure)
Event: 8.418 Executing VM operation: ParallelGCFailedAllocation (Allocation Failure) done
Event: 8.432 Executing VM operation: ParallelGCFailedAllocation (Allocation Failure)
Event: 8.433 Executing VM operation: ParallelGCFailedAllocation (Allocation Failure) done
Event: 8.449 Executing VM operation: ParallelGCFailedAllocation (Allocation Failure)
Event: 8.451 Executing VM operation: ParallelGCFailedAllocation (Allocation Failure) done
Event: 8.468 Executing VM operation: ParallelGCFailedAllocation (Allocation Failure)
Event: 8.470 Executing VM operation: ParallelGCFailedAllocation (Allocation Failure) done
Event: 8.487 Executing VM operation: ParallelGCFailedAllocation (Allocation Failure)
Event: 8.489 Executing VM operation: ParallelGCFailedAllocation (Allocation Failure) done
Event: 8.505 Executing VM operation: ParallelGCFailedAllocation (Allocation Failure)
Event: 8.507 Executing VM operation: ParallelGCFailedAllocation (Allocation Failure) done

Memory protections (0 events):
No events

Nmethod flushes (20 events):
Event: 3.509 Thread 0x000002706b04e9a0 flushing  nmethod 0x000002706e7e8210
Event: 3.509 Thread 0x000002706b04e9a0 flushing  nmethod 0x000002706e7e8b10
Event: 3.509 Thread 0x000002706b04e9a0 flushing  nmethod 0x000002706e7ea010
Event: 3.509 Thread 0x000002706b04e9a0 flushing  nmethod 0x000002706e7ea490
Event: 3.509 Thread 0x000002706b04e9a0 flushing  nmethod 0x000002706e7ea990
Event: 3.509 Thread 0x000002706b04e9a0 flushing  nmethod 0x000002706e7eaf10
Event: 3.509 Thread 0x000002706b04e9a0 flushing  nmethod 0x000002706e7ebb90
Event: 3.509 Thread 0x000002706b04e9a0 flushing  nmethod 0x000002706e7ecb10
Event: 3.509 Thread 0x000002706b04e9a0 flushing  nmethod 0x000002706e7ece10
Event: 3.509 Thread 0x000002706b04e9a0 flushing  nmethod 0x000002706e7f5e10
Event: 3.509 Thread 0x000002706b04e9a0 flushing  nmethod 0x000002706e7f6f10
Event: 3.509 Thread 0x000002706b04e9a0 flushing  nmethod 0x000002706e809290
Event: 3.509 Thread 0x000002706b04e9a0 flushing  nmethod 0x000002706e81ab10
Event: 3.509 Thread 0x000002706b04e9a0 flushing  nmethod 0x000002706e81cb10
Event: 3.509 Thread 0x000002706b04e9a0 flushing  nmethod 0x000002706e838b10
Event: 3.509 Thread 0x000002706b04e9a0 flushing  nmethod 0x000002706e839490
Event: 3.509 Thread 0x000002706b04e9a0 flushing  nmethod 0x000002706e839810
Event: 3.509 Thread 0x000002706b04e9a0 flushing  nmethod 0x000002706e866c10
Event: 3.509 Thread 0x000002706b04e9a0 flushing  nmethod 0x000002706e8b4290
Event: 3.509 Thread 0x000002706b04e9a0 flushing  nmethod 0x000002706e8d4190

Events (20 events):
Event: 3.233 Thread 0x000002706af77390 Thread added: 0x000002704a09add0
Event: 3.236 Thread 0x000002706af77390 Thread added: 0x000002704a09a0b0
Event: 3.237 Thread 0x000002706af77390 Thread added: 0x000002704a09f600
Event: 3.237 Thread 0x000002706af77390 Thread added: 0x000002704a09b460
Event: 3.237 Thread 0x000002706af77390 Thread added: 0x000002704a09c180
Event: 3.237 Thread 0x000002706af77390 Thread added: 0x000002704a09ef70
Event: 3.237 Thread 0x000002706af77390 Thread added: 0x000002704a0a09b0
Event: 3.237 Thread 0x000002706af77390 Thread added: 0x000002704a09e250
Event: 3.237 Thread 0x000002706af77390 Thread added: 0x000002704a09baf0
Event: 3.237 Thread 0x000002706af77390 Thread added: 0x000002704a09dbc0
Event: 3.237 Thread 0x000002706af77390 Thread added: 0x000002704a09e8e0
Event: 3.238 Thread 0x000002706af77390 Thread added: 0x000002704a09fc90
Event: 3.238 Thread 0x000002706af77390 Thread added: 0x000002704a09c810
Event: 3.261 Thread 0x000002706af77390 Thread added: 0x000002704a09cea0
Event: 3.488 Thread 0x000002706af77390 Thread added: 0x000002704a0a0320
Event: 3.488 Thread 0x000002706af77390 Thread added: 0x000002704a0a1040
Event: 3.753 Thread 0x00000270482270d0 Thread added: 0x000002704a09d530
Event: 5.797 Thread 0x0000027048229ec0 Thread added: 0x000002704a0a16d0
Event: 5.920 Thread 0x0000027048229ec0 Thread added: 0x000002704b1a28d0
Event: 7.480 Thread 0x0000027048228480 Thread exited: 0x0000027048228480


Dynamic libraries:
0x00007ff773ee0000 - 0x00007ff773eee000 	c:\Users\Kostya\.cursor\extensions\redhat.java-1.41.1-win32-x64\jre\21.0.6-win32-x86_64\bin\java.exe
0x00007ffd74a10000 - 0x00007ffd74c08000 	C:\Windows\SYSTEM32\ntdll.dll
0x00007ffd74260000 - 0x00007ffd7431f000 	C:\Windows\System32\KERNEL32.DLL
0x00007ffd72320000 - 0x00007ffd725f2000 	C:\Windows\System32\KERNELBASE.dll
0x00007ffd72740000 - 0x00007ffd72840000 	C:\Windows\System32\ucrtbase.dll
0x00007ffd6b610000 - 0x00007ffd6b62e000 	c:\Users\Kostya\.cursor\extensions\redhat.java-1.41.1-win32-x64\jre\21.0.6-win32-x86_64\bin\VCRUNTIME140.dll
0x00007ffd6b630000 - 0x00007ffd6b648000 	c:\Users\Kostya\.cursor\extensions\redhat.java-1.41.1-win32-x64\jre\21.0.6-win32-x86_64\bin\jli.dll
0x00007ffd72c10000 - 0x00007ffd72db1000 	C:\Windows\System32\USER32.dll
0x00007ffd5e070000 - 0x00007ffd5e30a000 	C:\Windows\WinSxS\amd64_microsoft.windows.common-controls_6595b64144ccf1df_6.0.19041.1110_none_60b5254171f9507e\COMCTL32.dll
0x00007ffd729a0000 - 0x00007ffd729c2000 	C:\Windows\System32\win32u.dll
0x00007ffd73fd0000 - 0x00007ffd7406e000 	C:\Windows\System32\msvcrt.dll
0x00007ffd73cf0000 - 0x00007ffd73d1b000 	C:\Windows\System32\GDI32.dll
0x00007ffd72600000 - 0x00007ffd7270f000 	C:\Windows\System32\gdi32full.dll
0x00007ffd72280000 - 0x00007ffd7231d000 	C:\Windows\System32\msvcp_win.dll
0x00007ffd73c40000 - 0x00007ffd73c72000 	C:\Windows\System32\IMM32.DLL
0x00007ffd6b600000 - 0x00007ffd6b60c000 	c:\Users\Kostya\.cursor\extensions\redhat.java-1.41.1-win32-x64\jre\21.0.6-win32-x86_64\bin\vcruntime140_1.dll
0x00007ffd53090000 - 0x00007ffd5311d000 	c:\Users\Kostya\.cursor\extensions\redhat.java-1.41.1-win32-x64\jre\21.0.6-win32-x86_64\bin\msvcp140.dll
0x00007ffcfe760000 - 0x00007ffcff4f0000 	c:\Users\Kostya\.cursor\extensions\redhat.java-1.41.1-win32-x64\jre\21.0.6-win32-x86_64\bin\server\jvm.dll
0x00007ffd72ad0000 - 0x00007ffd72b7e000 	C:\Windows\System32\ADVAPI32.dll
0x00007ffd72a30000 - 0x00007ffd72acc000 	C:\Windows\System32\sechost.dll
0x00007ffd73d20000 - 0x00007ffd73e45000 	C:\Windows\System32\RPCRT4.dll
0x00007ffd73e50000 - 0x00007ffd73ebb000 	C:\Windows\System32\WS2_32.dll
0x00007ffd71e90000 - 0x00007ffd71edb000 	C:\Windows\SYSTEM32\POWRPROF.dll
0x00007ffd67260000 - 0x00007ffd67287000 	C:\Windows\SYSTEM32\WINMM.dll
0x00007ffd67290000 - 0x00007ffd6729a000 	C:\Windows\SYSTEM32\VERSION.dll
0x00007ffd71e70000 - 0x00007ffd71e82000 	C:\Windows\SYSTEM32\UMPDC.dll
0x00007ffd6ff50000 - 0x00007ffd6ff62000 	C:\Windows\SYSTEM32\kernel.appcore.dll
0x00007ffd6b5f0000 - 0x00007ffd6b5fa000 	c:\Users\Kostya\.cursor\extensions\redhat.java-1.41.1-win32-x64\jre\21.0.6-win32-x86_64\bin\jimage.dll
0x00007ffd63580000 - 0x00007ffd63764000 	C:\Windows\SYSTEM32\DBGHELP.DLL
0x00007ffd54ed0000 - 0x00007ffd54f05000 	C:\Windows\SYSTEM32\dbgcore.DLL
0x00007ffd721f0000 - 0x00007ffd72272000 	C:\Windows\System32\bcryptPrimitives.dll
0x00007ffd6b5b0000 - 0x00007ffd6b5bf000 	c:\Users\Kostya\.cursor\extensions\redhat.java-1.41.1-win32-x64\jre\21.0.6-win32-x86_64\bin\instrument.dll
0x00007ffd6a390000 - 0x00007ffd6a3af000 	c:\Users\Kostya\.cursor\extensions\redhat.java-1.41.1-win32-x64\jre\21.0.6-win32-x86_64\bin\java.dll
0x00007ffd73440000 - 0x00007ffd73b84000 	C:\Windows\System32\SHELL32.dll
0x00007ffd70150000 - 0x00007ffd708e2000 	C:\Windows\SYSTEM32\windows.storage.dll
0x00007ffd74450000 - 0x00007ffd747a5000 	C:\Windows\System32\combase.dll
0x00007ffd71970000 - 0x00007ffd719a0000 	C:\Windows\SYSTEM32\Wldp.dll
0x00007ffd74150000 - 0x00007ffd741fd000 	C:\Windows\System32\SHCORE.dll
0x00007ffd73c80000 - 0x00007ffd73cd5000 	C:\Windows\System32\shlwapi.dll
0x00007ffd72010000 - 0x00007ffd7202f000 	C:\Windows\SYSTEM32\profapi.dll
0x00007ffd69ae0000 - 0x00007ffd69af8000 	c:\Users\Kostya\.cursor\extensions\redhat.java-1.41.1-win32-x64\jre\21.0.6-win32-x86_64\bin\zip.dll
0x00007ffd6adf0000 - 0x00007ffd6ae00000 	C:\Users\Kostya\.cursor\extensions\redhat.java-1.41.1-win32-x64\jre\21.0.6-win32-x86_64\bin\net.dll
0x00007ffd6a580000 - 0x00007ffd6a68c000 	C:\Windows\SYSTEM32\WINHTTP.dll
0x00007ffd71750000 - 0x00007ffd717ba000 	C:\Windows\system32\mswsock.dll
0x00007ffd69ac0000 - 0x00007ffd69ad6000 	C:\Users\Kostya\.cursor\extensions\redhat.java-1.41.1-win32-x64\jre\21.0.6-win32-x86_64\bin\nio.dll
0x00007ffd6abc0000 - 0x00007ffd6abd0000 	c:\Users\Kostya\.cursor\extensions\redhat.java-1.41.1-win32-x64\jre\21.0.6-win32-x86_64\bin\verify.dll
0x00007ffd62980000 - 0x00007ffd629c5000 	C:\Users\Kostya\AppData\Roaming\Cursor\User\globalStorage\redhat.java\1.41.1\config_win\org.eclipse.equinox.launcher\org.eclipse.equinox.launcher.win32.win32.x86_64_1.2.1300.v20250331-1702\eclipse_11911.dll
0x00007ffd74320000 - 0x00007ffd7444a000 	C:\Windows\System32\ole32.dll
0x00007ffd719b0000 - 0x00007ffd719c8000 	C:\Windows\SYSTEM32\CRYPTSP.dll
0x00007ffd71090000 - 0x00007ffd710c4000 	C:\Windows\system32\rsaenh.dll
0x00007ffd72710000 - 0x00007ffd72737000 	C:\Windows\System32\bcrypt.dll
0x00007ffd71f90000 - 0x00007ffd71fbe000 	C:\Windows\SYSTEM32\USERENV.dll
0x00007ffd718e0000 - 0x00007ffd718ec000 	C:\Windows\SYSTEM32\CRYPTBASE.dll
0x00007ffd71460000 - 0x00007ffd7149b000 	C:\Windows\SYSTEM32\IPHLPAPI.DLL
0x00007ffd73b90000 - 0x00007ffd73b98000 	C:\Windows\System32\NSI.dll
0x00007ffd56240000 - 0x00007ffd56289000 	C:\Users\Kostya\AppData\Local\Temp\jna--2041728851\jna3688779769793929703.dll
0x00007ffd72a20000 - 0x00007ffd72a28000 	C:\Windows\System32\PSAPI.DLL
0x00007ffd6ac70000 - 0x00007ffd6ac87000 	C:\Windows\SYSTEM32\dhcpcsvc6.DLL
0x00007ffd6ab60000 - 0x00007ffd6ab7d000 	C:\Windows\SYSTEM32\dhcpcsvc.DLL
0x00007ffd6a550000 - 0x00007ffd6a577000 	C:\Users\Kostya\.gradle\native\c067742578af261105cb4f569cf0c3c89f3d7b1fecec35dd04571415982c5e48\windows-amd64\native-platform.dll

dbghelp: loaded successfully - version: 4.0.5 - missing functions: none
symbol engine: initialized successfully - sym options: 0x614 - pdb path: .;c:\Users\Kostya\.cursor\extensions\redhat.java-1.41.1-win32-x64\jre\21.0.6-win32-x86_64\bin;C:\Windows\SYSTEM32;C:\Windows\WinSxS\amd64_microsoft.windows.common-controls_6595b64144ccf1df_6.0.19041.1110_none_60b5254171f9507e;c:\Users\Kostya\.cursor\extensions\redhat.java-1.41.1-win32-x64\jre\21.0.6-win32-x86_64\bin\server;C:\Users\Kostya\AppData\Roaming\Cursor\User\globalStorage\redhat.java\1.41.1\config_win\org.eclipse.equinox.launcher\org.eclipse.equinox.launcher.win32.win32.x86_64_1.2.1300.v20250331-1702;C:\Users\Kostya\AppData\Local\Temp\jna--2041728851;C:\Users\Kostya\.gradle\native\c067742578af261105cb4f569cf0c3c89f3d7b1fecec35dd04571415982c5e48\windows-amd64

VM Arguments:
jvm_args: --add-modules=ALL-SYSTEM --add-opens=java.base/java.util=ALL-UNNAMED --add-opens=java.base/java.lang=ALL-UNNAMED --add-opens=java.base/sun.nio.fs=ALL-UNNAMED -Declipse.application=org.eclipse.jdt.ls.core.id1 -Dosgi.bundles.defaultStartLevel=4 -Declipse.product=org.eclipse.jdt.ls.core.product -Djava.import.generatesMetadataFilesAtProjectRoot=false -DDetectVMInstallationsJob.disabled=true -Dfile.encoding=utf8 -XX:+UseParallelGC -XX:GCTimeRatio=4 -XX:AdaptiveSizePolicyWeight=90 -Dsun.zip.disableMemoryMapping=true -Xmx1G -Xms100m -Xlog:disable -javaagent:c:\Users\Kostya\.cursor\extensions\redhat.java-1.41.1-win32-x64\lombok\lombok-1.18.36.jar -XX:+HeapDumpOnOutOfMemoryError -XX:HeapDumpPath=c:\Users\Kostya\AppData\Roaming\Cursor\User\workspaceStorage\43d808f04e19d269b415be9b1d14222a\redhat.java -Daether.dependencyCollector.impl=bf 
java_command: c:\Users\Kostya\.cursor\extensions\redhat.java-1.41.1-win32-x64\server\plugins\org.eclipse.equinox.launcher_1.7.0.v20250331-1702.jar -configuration c:\Users\Kostya\AppData\Roaming\Cursor\User\globalStorage\redhat.java\1.41.1\config_win -data c:\Users\Kostya\AppData\Roaming\Cursor\User\workspaceStorage\43d808f04e19d269b415be9b1d14222a\redhat.java\jdt_ws --pipe=\\.\pipe\lsp-180d7751777fdc227817fe34bbf27b29-sock
java_class_path (initial): c:\Users\Kostya\.cursor\extensions\redhat.java-1.41.1-win32-x64\server\plugins\org.eclipse.equinox.launcher_1.7.0.v20250331-1702.jar
Launcher Type: SUN_STANDARD

[Global flags]
    uintx AdaptiveSizePolicyWeight                 = 90                                        {product} {command line}
     intx CICompilerCount                          = 4                                         {product} {ergonomic}
    uintx GCTimeRatio                              = 4                                         {product} {command line}
     bool HeapDumpOnOutOfMemoryError               = true                                   {manageable} {command line}
    ccstr HeapDumpPath                             = c:\Users\Kostya\AppData\Roaming\Cursor\User\workspaceStorage\43d808f04e19d269b415be9b1d14222a\redhat.java         {manageable} {command line}
   size_t InitialHeapSize                          = 104857600                                 {product} {command line}
   size_t MaxHeapSize                              = 1073741824                                {product} {command line}
   size_t MaxNewSize                               = 357564416                                 {product} {ergonomic}
   size_t MinHeapDeltaBytes                        = 524288                                    {product} {ergonomic}
   size_t MinHeapSize                              = 104857600                                 {product} {command line}
   size_t NewSize                                  = 34603008                                  {product} {ergonomic}
    uintx NonNMethodCodeHeapSize                   = 5839372                                {pd product} {ergonomic}
    uintx NonProfiledCodeHeapSize                  = 122909434                              {pd product} {ergonomic}
   size_t OldSize                                  = 70254592                                  {product} {ergonomic}
    uintx ProfiledCodeHeapSize                     = 122909434                              {pd product} {ergonomic}
    uintx ReservedCodeCacheSize                    = 251658240                              {pd product} {ergonomic}
     bool SegmentedCodeCache                       = true                                      {product} {ergonomic}
   size_t SoftMaxHeapSize                          = 1073741824                             {manageable} {ergonomic}
     bool UseCompressedOops                        = true                           {product lp64_product} {ergonomic}
     bool UseLargePagesIndividualAllocation        = false                                  {pd product} {ergonomic}
     bool UseParallelGC                            = true                                      {product} {command line}

Logging:
Log output configuration:
 #0: stdout all=off uptime,level,tags foldmultilines=false
 #1: stderr all=off uptime,level,tags foldmultilines=false

Environment Variables:
JAVA_HOME=C:\Program Files\Java\jdk-17
PATH=C:\Program Files\Common Files\Oracle\Java\javapath;C:\Program Files (x86)\Common Files\Oracle\Java\java8path;C:\Program Files (x86)\Common Files\Oracle\Java\javapath;C:\Windows\system32;C:\Windows;C:\Windows\System32\Wbem;C:\Windows\System32\WindowsPowerShell\v1.0\;C:\Program Files (x86)\NVIDIA Corporation\PhysX\Common;C:\Program Files (x86)\Windows Kits\10\Windows Performance Toolkit\;D:\nodeJs\;C:\Program Files\dotnet\;C:\Program Files\Microsoft SQL Server\Client SDK\ODBC\170\Tools\Binn\;C:\Program Files\Microsoft SQL Server\150\Tools\Binn\;C:\Program Files\Git\cmd;C:\Program Files\Java\jdk-17\bin;C:\Users\Kostya\AppData\Local\Programs\Python\Launcher\;D:\OSPanel\bin;C:\Users\Kostya\AppData\Local\Microsoft\WindowsApps;D:\Microsoft VS Code\bin;C:\Users\Kostya\AppData\Local\GitHubDesktop\bin;C:\Users\Kostya\AppData\Roaming\npm;C:\Users\Kostya\.dotnet\tools;C:\Users\Kostya\AppData\Local\Programs\Python\Python313\Scripts
USERNAME=Kostya
OS=Windows_NT
PROCESSOR_IDENTIFIER=AMD64 Family 23 Model 96 Stepping 1, AuthenticAMD
TMP=C:\Users\Kostya\AppData\Local\Temp
TEMP=C:\Users\Kostya\AppData\Local\Temp




Periodic native trim disabled

---------------  S Y S T E M  ---------------

OS:
 Windows 10 , 64 bit Build 19041 (10.0.19041.2364)
OS uptime: 1 days 16:10 hours
Hyper-V role detected

CPU: total 12 (initial active 12) (12 cores per cpu, 2 threads per core) family 23 model 96 stepping 1 microcode 0x0, cx8, cmov, fxsr, ht, mmx, 3dnowpref, sse, sse2, sse3, ssse3, sse4a, sse4.1, sse4.2, popcnt, lzcnt, tsc, tscinvbit, avx, avx2, aes, clmul, bmi1, bmi2, adx, sha, fma, vzeroupper, clflush, clflushopt, hv, rdtscp, rdpid, f16c
Processor Information for the first 12 processors :
  Max Mhz: 3000, Current Mhz: 3000, Mhz Limit: 3000

Memory: 4k page, system-wide physical 15733M (1655M free)
TotalPageFile size 17781M (AvailPageFile size 5M)
current process WorkingSet (physical memory assigned to process): 440M, peak: 443M
current process commit charge ("private bytes"): 447M, peak: 984M

vm_info: OpenJDK 64-Bit Server VM (21.0.6+7-LTS) for windows-amd64 JRE (21.0.6+7-LTS), built on 2025-01-21T00:00:00Z by "admin" with MS VC++ 17.7 (VS2022)

END.
